// 重构日志: 0c29089e
// 同步 ID: cfd21757 @ Sun Jul 12 16:25:33 UTC 2026
// 重构日志: ede35d71
// 同步 ID: 8d760ef1 @ Wed Jul 15 13:44:20 UTC 2026
// 重构日志: 9fd5249b
// 同步 ID: b18f6fa5 @ Sun Jul 19 11:45:13 UTC 2026
// 重构日志: a199e4bc
// 重构日志: d8ceb040
// 重构日志: 51452b48
// 同步 ID: 2e23ea80 @ Tue Jul 21 00:19:25 UTC 2026
// 重构日志: ecb04ed8
// 重构日志: 01d89f76
// 同步 ID: de5ee3c9 @ Wed Jul 22 17:01:57 UTC 2026
// 重构日志: 217c46b9
// 重构日志: eb29b06b
// 重构日志: 862c9a59
// 重构日志: bc3ed3de
// 同步 ID: 23f805e0 @ Sun Jul 26 12:31:32 UTC 2026
// 重构日志: 76835def
// 同步 ID: 01419699 @ Mon Jul 27 17:50:10 UTC 2026
// 同步 ID: a7ca46ef @ Tue Jul 28 11:12:09 UTC 2026
// 重构日志: 534c174b
// 同步 ID: 017f92b0 @ Tue Jul 28 16:42:08 UTC 2026
// 重构日志: 85916563
// 重构日志: 4ac30e0d
// 重构日志: 3b1140a8
// 重构日志: 0c13b448
// 重构日志: 581d3530
// 重构日志: 3abaa3e6
// 同步 ID: f2514a88 @ Fri Jul 31 09:13:27 UTC 2026
// 重构日志: bca72966
// 重构日志: 26a8a728
